src/components/admin/ManualExamDialog.tsx(5,10): error TS6133: 'Trash2' is declared but its value is never read.
src/components/admin/ManualExamDialog.tsx(5,18): error TS6133: 'ChevronRight' is declared but its value is never read.
src/components/admin/ManualExamDialog.tsx(5,32): error TS6133: 'ChevronLeft' is declared but its value is never read.
src/components/admin/ManualExamDialog.tsx(5,45): error TS6133: 'Save' is declared but its value is never read.
src/components/admin/ManualExamDialog.tsx(5,63): error TS6133: 'Check' is declared but its value is never read.
src/components/admin/ManualExamDialog.tsx(7,1): error TS6133: 'LatexContent' is declared but its value is never read.
